>>> Что такое Нордеверо?
make[1]: Entering directory '/home/ubuntu/software-architect-course-7'
1. Нордеверо — это международное учебное заведение волшебников, основанное более тысячи лет назад четырьмя выдающимися магами и волшебницами своего времени.
2. Школа находится в горной местности и имеет уникальные особенности, такие как невозможность телепортации на её территорию и использование пароля для входа в Гостиную факультета.
3. Нордеверо предлагает обучение по различным предметам, управление школой осуществляют около 13 преподавателей, называемых профессорами.

Итоговый ответ: Нордеверо — это школа магии, основанная четырьмя волшебниками и волшебницами более тысячи лет назад. Она находится в горной местности и имеет уникальные особенности, такие как невозможность телепортации на её территорию и использование пароля для входа в Гостиную факультета. Школа предлагает обучение по различным предметам, управление которой осуществляют около 13 преподавателей.

Источники: [2], [3]

--- Источники ---
[1] Нордеверо [chunk 0] (knowledge_base/Нордеверо.txt) score=0.839
[2] Нордеверо [chunk 2] (knowledge_base/Нордеверо.txt) score=0.833
[3] Нордеверо [chunk 25] (knowledge_base/Нордеверо.txt) score=0.825
[4] Нордеверо [chunk 24] (knowledge_base/Нордеверо.txt) score=0.825
make[1]: Leaving directory '/home/ubuntu/software-architect-course-7'


>>> Где находится Силентор?
make[1]: Entering directory '/home/ubuntu/software-architect-course-7'
1. В контексте упоминается, что Силентор находится на одном из островов в Северном море согласно роману «Иллиро Кано и Принц-Смешанник» [1].
2. Итоговый ответ: Силентор расположен на одном из островов в Северном море.
3. Источники: [1]

--- Источники ---
[1] Силентор [chunk 0] (knowledge_base/Силентор.txt) score=0.880
[2] Силентор [chunk 1] (knowledge_base/Силентор.txt) score=0.820
[3] Силентор [chunk 2] (knowledge_base/Силентор.txt) score=0.788
[4] Яснокоготь [chunk 0] (knowledge_base/Яснокоготь.txt) score=0.788
make[1]: Leaving directory '/home/ubuntu/software-architect-course-7'


>>> Кто такой Ноктиль-Мор?
make[1]: Entering directory '/home/ubuntu/software-architect-course-7'
1. Ноктиль-Мор — это главный антагонист в серии книг о Иллиро Кано, являющийся миророжденным волшебником и Лордом, который разделил свою душу на ноктофраги для предотвращения смерти [4].
2. Ноктиль-Мор — это сын мирианина Тима Редгара и колдуньи Меропы, убитый им в 16-17 лет за то, что его мать бросила его в сиротском приюте [3].
3. Ноктиль-Мор ненавидит мирян и презирает "спаривание" мирян с волшебниками, хотя сам является миророжденным волшебником [3].

Итоговый ответ: Ноктиль-Мор — это Лорд, который разделил свою душу на ноктофраги для предотвращения смерти. Он сын Тима Редгара и Меропы, убитый им в 16-17 лет за то, что его мать бросила его в сиротском приюте. Ноктиль-Мор ненавидит мирян и презирает "спаривание" мирян с волшебниками.

Источники: [3], [4]

--- Источники ---
[1] Ноктиль-Мор [chunk 0] (knowledge_base/Ноктиль-Мор.txt) score=0.862
[2] Ноктиль-Мор [chunk 19] (knowledge_base/Ноктиль-Мор.txt) score=0.855
[3] Ноктиль-Мор [chunk 15] (knowledge_base/Ноктиль-Мор.txt) score=0.855
[4] Ноктиль-Мор [chunk 16] (knowledge_base/Ноктиль-Мор.txt) score=0.853
make[1]: Leaving directory '/home/ubuntu/software-architect-course-7'


>>> Сколько школьных факультетов в Нордеверо?
make[1]: Entering directory '/home/ubuntu/software-architect-course-7'
1. Из контекста следует, что школу управляют четырьмя основателями, и каждый из них назвал свой факультет по имени одного из основателей: Бурешил, Яснокоготь, Медобур и Шиперин.
2. Следовательно, в Нордеверо насчитывается четыре школьных факультета.

Итоговый ответ: В Нордеверо есть четыре школьных факультета.

Источники: [1], [4]

--- Источники ---
[1] Нордеверо [chunk 24] (knowledge_base/Нордеверо.txt) score=0.847
[2] Нордеверо [chunk 0] (knowledge_base/Нордеверо.txt) score=0.846
[3] Нордеверо [chunk 25] (knowledge_base/Нордеверо.txt) score=0.838
[4] Нордеверо [chunk 12] (knowledge_base/Нордеверо.txt) score=0.831
make[1]: Leaving directory '/home/ubuntu/software-architect-course-7'


>>> Кто такой Иллиро Кано?
make[1]: Entering directory '/home/ubuntu/software-architect-course-7'
1. Иллиро Кано - студент и позже преподаватель Нордеверо, победитель Ноктиль-Мора, муж Джиа Вэллио.
2. Иллиро Кано также стал отцом троих детей: Джеймса Сайруса Кано, Альваро Севариса Кано и Лили Лианы Кано, а также крёстным Терни Лупо.
3. Он возглавил Управление аркан-гвардейцев после победы над Ноктиль-Мором.

Итоговый ответ: Иллиро Кано - это студент и преподаватель школы магии Нордеверо, который стал известен как победитель Дарк Лорда Ноктиль-Мора. Он также является отцом троих детей и возглавил Управление аркан-гвардейцев.

Источники: [1], [3]

--- Источники ---
[1] Иллиро_Кано [chunk 0] (knowledge_base/Иллиро_Кано.txt) score=0.872
[2] Иллиро_Кано [chunk 5] (knowledge_base/Иллиро_Кано.txt) score=0.855
[3] Иллиро_Кано [chunk 23] (knowledge_base/Иллиро_Кано.txt) score=0.851
[4] Иллиро_Кано [chunk 4] (knowledge_base/Иллиро_Кано.txt) score=0.850
make[1]: Leaving directory '/home/ubuntu/software-architect-course-7'


